---
source: tests/integration/screens/trending_language_selection_screen_test.rs
expression: output
---
  ┌GitType - Trending Languages──────────────────────────────────────────────────────────────────────────────────────┐  
  │  🌏  Select Programming Language                                                                                  │  
  └──────────────────────────────────────────────────────────────────────────────────────────────────────────────────┘  
  ┌Programming Languages─────────────────────────────────────────────────────────────────────────────────────────────┐  
  │                                                                                                                  │  
  │  1. C                                                                                                            │  
  │  2. C#                                                                                                           │  
  │  3. C++                                                                                                          │  
  │  4. Dart                                                                                                         │  
  │  5. Go                                                                                                           │  
  │  6. Haskell                                                                                                      │  
  │  7. Java                                                                                                         │  
  │  8. JavaScript                                                                                                   │  
  │  9. Kotlin                                                                                                       │  
  │ 10. PHP                                                                                                          │  
  │ 11. Python                                                                                                       │  
  │ 12. Ruby                                                                                                         │  
  │ 13. Rust                                                                                                         │  
  │ 14. Scala                                                                                                        │  
  │ 15. Swift                                                                                                        │  
  │ 16. TypeScript                                                                                                   │  
  │                                                                                                                  │  
  │                                                                                                                  │  
  │                                                                                                                  │  
  │                                                                                                                  │  
  │                                                                                                                  │  
  │                                                                                                                  │  
  │                                                                                                                  │  
  │                                                                                                                  │  
  │                                                                                                                  │  
  │                                                                                                                  │  
  │                                                                                                                  │  
  │                                                                                                                  │  
  │                                                                                                                  │  
  │                                                                                                                  │  
  │                                                                                                                  │  
  │                                                                                                                  │  
  │                                                                                                                  │  
  └──────────────────────────────────────────────────────────────────────────────────────────────────────────────────┘  
                                     [↑↓/JK] Navigate  [SPACE] Select  [ESC] Return
