---
source: tests/integration/screens/title_screen_test.rs
expression: output
---
                                                                                                                        
                                                                                                                        
                                                                                                                        
                                                                                                                        
                                                                                                                        
                                                                                                                        
                                                                                                                        
                                                                                                                        
                                                                                                                        
                                                                                                                        
                                              ____ _ _  _____                                                           
                                             / ___(_) ||_   _|   _ _ __   ___                                           
                                            | |  _| | __|| || | | | '_ \ / _ \                                          
                                            | |_| | | |_ | || |_| | |_) |  __/                                          
                                             \____|_|\__||_| \__, | .__/ \___|                                          
                                                             |___/|_|                                                   
                                                                                                                        
                                                  Code Typing Challenge                                                 
                                                                                                                        
                                                 Difficulty: ← Normal →                                                 
                                                 25 challenges available                                                
                                                     ~200 characters                                                    
                                                    Medium functions                                                    
                                                                                                                        
                                                [←→/HL] Change Difficulty                                               
                                  [R] Records  [A] Analytics  [S] Settings  [I/?] Help                                  
                                                [SPACE] Start  [ESC] Quit                                               
                                                                                                                        
                                                                                                                        
                                                                                                                        
                                                                                                                        
                                                                                                                        
                                                                                                                        
                                                                                                                        
                                                                                                                        
                                                                                                                        
                                                                                                                        
                                                                                                                        
                                                                                                                        
                                  📁  unhappychoice/gittype • 🌿  main • 📝  abc12345 • ✓
