---
source: tests/integration/screens/records_screen_test.rs
expression: output
---
┌Session Records───────────────────────────────────────────────────────────────────────────────────────────────────────┐
│  Records - Typing Session Records                                                                                    │
│  Filter: Last 30 days | Sort: Date ↓ | Sessions: 3                                                                   │
└──────────────────────────────────────────────────────────────────────────────────────────────────────────────────────┘
┌Sessions──────────────────────────────────────────────────────────────────────────────────────────────────────────────┐
│▶ 2024-10-07 12:30 unhappychoice/gittype       1200 375.0 96.0%  3/3      1m0s                                      ↑ │
│  2024-10-06 15:20 rails/rails                  980 325.0 94.6%  3/3      2m0s                                      █ │
│  2024-10-05 09:10 unhappychoice/gittype       1300 400.0 96.2%  3/3     0m50s                                      █ │
│                                                                                                                    █ │
│                                                                                                                    █ │
│                                                                                                                    █ │
│                                                                                                                    █ │
│                                                                                                                    █ │
│                                                                                                                    █ │
│                                                                                                                    █ │
│                                                                                                                    █ │
│                                                                                                                    █ │
│                                                                                                                    █ │
│                                                                                                                    █ │
│                                                                                                                    █ │
│                                                                                                                    █ │
│                                                                                                                    █ │
│                                                                                                                    █ │
│                                                                                                                    █ │
│                                                                                                                    █ │
│                                                                                                                    █ │
│                                                                                                                    █ │
│                                                                                                                    █ │
│                                                                                                                    █ │
│                                                                                                                    █ │
│                                                                                                                    █ │
│                                                                                                                    █ │
│                                                                                                                    █ │
│                                                                                                                    █ │
│                                                                                                                    █ │
│                                                                                                                    ║ │
│                                                                                                                    ║ │
│                                                                                                                    ↓ │
└──────────────────────────────────────────────────────────────────────────────────────────────────────────────────────┘
                    [↑↓/JK] Navigate  [SPACE] Details  [F] Filter  [S] Sort  [R] Refresh  [ESC] Back
