---
source: tests/integration/screens/analytics_screen_test.rs
expression: output
---
┌GitType Analytics─────────────────────────────────────────────────────────────────────────────────────────────────────┐
│  Performance Analytics                                                                                               │
└──────────────────────────────────────────────────────────────────────────────────────────────────────────────────────┘
┌Views─────────────────────────────────────────────────────────────────────────────────────────────────────────────────┐
│  Overview | Trends | Repositories | Languages                                                                        │
└──────────────────────────────────────────────────────────────────────────────────────────────────────────────────────┘
┌Languages─────────────────────────────────────┐┌Language Details (Last 90 Days)───────────────────────────────────────┐
│► No languages available                      ││                                                                      │
│                                              ││  No Language Selected                                                │
│                                              ││                                                                      │
│                                              ││  Select a language from the list to view details                     │
│                                              ││                                                                      │
│                                              ││                                                                      │
│                                              ││                                                                      │
│                                              ││                                                                      │
│                                              ││                                                                      │
│                                              ││                                                                      │
│                                              ││                                                                      │
│                                              ││                                                                      │
│                                              ││                                                                      │
│                                              ││                                                                      │
│                                              ││                                                                      │
│                                              ││                                                                      │
│                                              ││                                                                      │
│                                              ││                                                                      │
│                                              ││                                                                      │
│                                              ││                                                                      │
│                                              ││                                                                      │
│                                              ││                                                                      │
│                                              ││                                                                      │
│                                              ││                                                                      │
│                                              ││                                                                      │
│                                              ││                                                                      │
│                                              ││                                                                      │
│                                              ││                                                                      │
│                                              ││                                                                      │
│                                              ││                                                                      │
│                                              ││                                                                      │
└──────────────────────────────────────────────┘└──────────────────────────────────────────────────────────────────────┘
                             [←→/HL] Switch View  [↑↓/JK] Navigate  [R] Refresh  [ESC] Back
