---
source: tests/integration/screens/trending_repository_selection_screen_test.rs
expression: output
---
  ┌GitType - Trending────────────────────────────────────────────────────────────────────────────────────────────────┐  
  │  🔥  Select Trending Repository to Play                                                                           │  
  │  🔥  Currently trending repositories                                                                              │  
  └──────────────────────────────────────────────────────────────────────────────────────────────────────────────────┘  
  ┌Trending Repositories─────────────────────────────────────────────────────────────────────────────────────────────┐  
  │                                                                                                                  │  
  │  1. rust-lang/rust                           (Rust) Empowering everyone to build reliable and effic...           │  
  │  2. tokio-rs/tokio                           (Rust) A runtime for writing reliable asynchronous app...           │  
  │                                                                                                                  │  
  │                                                                                                                  │  
  │                                                                                                                  │  
  │                                                                                                                  │  
  │                                                                                                                  │  
  │                                                                                                                  │  
  │                                                                                                                  │  
  │                                                                                                                  │  
  │                                                                                                                  │  
  │                                                                                                                  │  
  │                                                                                                                  │  
  │                                                                                                                  │  
  │                                                                                                                  │  
  │                                                                                                                  │  
  │                                                                                                                  │  
  │                                                                                                                  │  
  │                                                                                                                  │  
  │                                                                                                                  │  
  │                                                                                                                  │  
  │                                                                                                                  │  
  │                                                                                                                  │  
  │                                                                                                                  │  
  │                                                                                                                  │  
  │                                                                                                                  │  
  │                                                                                                                  │  
  │                                                                                                                  │  
  │                                                                                                                  │  
  │                                                                                                                  │  
  │                                                                                                                  │  
  │                                                                                                                  │  
  └──────────────────────────────────────────────────────────────────────────────────────────────────────────────────┘  
                                      [↑↓/JK] Navigate  [SPACE] Play  [ESC] Return
