---
source: tests/integration/screens/analytics_screen_test.rs
expression: output
---
┌GitType Analytics─────────────────────────────────────────────────────────────────────────────────────────────────────┐
│  Performance Analytics                                                                                               │
└──────────────────────────────────────────────────────────────────────────────────────────────────────────────────────┘
┌Views─────────────────────────────────────────────────────────────────────────────────────────────────────────────────┐
│  Overview | Trends | Repositories | Languages                                                                        │
└──────────────────────────────────────────────────────────────────────────────────────────────────────────────────────┘
┌Repositories──────────────────────────────────┐┌Repository Details (Last 90 Days)─────────────────────────────────────┐
│► No repositories available                   ││                                                                      │
│                                              ││  No Repository Selected                                              │
│                                              ││                                                                      │
│                                              ││  Select a repository from the list to view details                   │
│                                              ││                                                                      │
│                                              ││                                                                      │
│                                              ││                                                                      │
│                                              ││                                                                      │
│                                              ││                                                                      │
│                                              ││                                                                      │
│                                              ││                                                                      │
│                                              ││                                                                      │
│                                              ││                                                                      │
│                                              ││                                                                      │
│                                              ││                                                                      │
│                                              ││                                                                      │
│                                              ││                                                                      │
│                                              ││                                                                      │
│                                              ││                                                                      │
│                                              ││                                                                      │
│                                              ││                                                                      │
│                                              ││                                                                      │
│                                              ││                                                                      │
│                                              ││                                                                      │
│                                              ││                                                                      │
│                                              ││                                                                      │
│                                              ││                                                                      │
│                                              ││                                                                      │
│                                              ││                                                                      │
│                                              ││                                                                      │
│                                              ││                                                                      │
└──────────────────────────────────────────────┘└──────────────────────────────────────────────────────────────────────┘
                             [←→/HL] Switch View  [↑↓/JK] Navigate  [R] Refresh  [ESC] Back
