---
source: tests/integration/screens/total_summary_share_screen_test.rs
expression: output
---
                                                                                                                        
                                                                                                                        
                                                                                                                        
                                                                                                                        
                                                                                                                        
                                                                                                                        
                                                                                                                        
                                                                                                                        
                                                                                                                        
                                                                                                                        
                                                                                                                        
                                                                                                                        
                                                                                                                        
                                                Share Your Total Results                                                
                                                                                                                        
                                                                                                                        
                        Score: 5000, CPM: 320, Keystrokes: 15000, Sessions: 25/30, Time: 60.0min                        
                                                                                                                        
                                                                                                                        
                                                          [1] X                                                         
                                                       [2] Reddit                                                       
                                                      [3] LinkedIn                                                      
                                                      [4] Facebook                                                      
                                                                                                                        
                                                                                                                        
                                                [ESC] Back to Exit Screen
