---
source: tests/integration/screens/analytics_screen_test.rs
expression: output
---
┌GitType Analytics─────────────────────────────────────────────────────────────────────────────────────────────────────┐
│  Performance Analytics                                                                                               │
└──────────────────────────────────────────────────────────────────────────────────────────────────────────────────────┘
┌Views─────────────────────────────────────────────────────────────────────────────────────────────────────────────────┐
│  Overview | Trends | Repositories | Languages                                                                        │
└──────────────────────────────────────────────────────────────────────────────────────────────────────────────────────┘
┌CPM Performance Trend─────────────────────────────────────────────────────────────────────────────────────────────────┐
│400│CPM                                                                                                          ┌───┐│
│   │                                                                                                         ⣀⣀⡠⠤│CPM││
│   │                                                                                              ⢀⣀⣀⠤⠤⠔⠒⠒⠉⠉⠉    └───┘│
│   │                                                                                    ⣀⣀⣀⠤⠤⠔⠒⠒⠉⠉⠁                   │
│   │                                                                          ⣀⣀⡠⠤⠤⠒⠒⠊⠉⠉                              │
│   │                                                               ⢀⣀⣀⠤⠤⠤⠒⠒⠊⠉⠉                                        │
│350│                                                     ⣀⣀⣀⠤⠤⠔⠒⠒⠉⠉⠁                                                  │
│   │                                          ⢀⣀⣀⠤⠤⠤⠒⠒⠊⠉⠉                                                             │
│   │                               ⢀⣀⣀⠤⠤⠤⠒⠒⠊⠉⠉⠁                                                                       │
│   │                    ⢀⣀⣀⡠⠤⠤⠒⠒⠒⠉⠉⠁                                                                                  │
│   │          ⣀⣀⡠⠤⠤⠒⠒⠒⠉⠉⠁                                                                                             │
│   │⣀⡠⠤⠤⠔⠒⠒⠉⠉⠉                                                                                                        │
│300│                                                                                                              Date│
│   └──────────────────────────────────────────────────────────────────────────────────────────────────────────────────│
│   1                                                         2                                                       3│
└──────────────────────────────────────────────────────────────────────────────────────────────────────────────────────┘
┌Accuracy Performance Trend────────────────────────────────────────────────────────────────────────────────────────────┐
│97.0%│Accuracy (%)                                                                                          ┌────────┐│
│     │                                                                                                   ⣀⣀⣀│Accuracy││
│     │                                                                               ⣀⣀⣀⣀⣀⠤⠤⠤⠤⠤⠒⠒⠒⠒⠒⠉⠉⠉⠉⠉   └────────┘│
│     │                                                           ⣀⣀⣀⣀⣀⠤⠤⠤⠤⠤⠒⠒⠒⠒⠒⠉⠉⠉⠉⠉                                 │
│     │                                                ⢀⣀⣀⠤⠤⠒⠒⠉⠉⠉⠉                                                     │
│     │                                        ⣀⣀⡠⠤⠔⠒⠊⠉⠁                                                               │
│93.5%│                               ⢀⣀⡠⠤⠤⠒⠒⠉⠉                                                                        │
│     │                       ⣀⣀⠤⠤⠒⠒⠊⠉⠁                                                                                │
│     │              ⢀⣀⡠⠤⠔⠒⠊⠉⠉                                                                                         │
│     │     ⢀⣀⣀⠤⠤⠒⠒⠉⠉⠁                                                                                                 │
│     │⠤⠔⠒⠊⠉⠁                                                                                                          │
│90.0%│                                                                                                            Date│
│     └────────────────────────────────────────────────────────────────────────────────────────────────────────────────│
│     1                                                        2                                                      3│
└──────────────────────────────────────────────────────────────────────────────────────────────────────────────────────┘
                             [←→/HL] Switch View  [↑↓/JK] Navigate  [R] Refresh  [ESC] Back
