---
source: tests/integration/screens/repo_list_screen_test.rs
expression: output
---
┌──────────────────────────────────────────────────────────────────────────────────────────────────────────────────────┐
│                                             GitType - Played Repositories                                            │
└──────────────────────────────────────────────────────────────────────────────────────────────────────────────────────┘
                                                                                                                        
┌──────────────────────────────────────────────────────────────────────────────────────────────────────────────────────┐
│Cache Directory: /home/user/.gittype/repos                                                                            │
└──────────────────────────────────────────────────────────────────────────────────────────────────────────────────────┘
                                                                                                                        
┌Repository List───────────────────────────────────────────────────────────────────────────────────────────────────────┐
│ ○ unhappychoice/gittype              Rust, Shell               https://github.com/unhappychoice/gittype.git          │
│ ● rails/rails                        Ruby, HTML, JavaScript    https://github.com/rails/rails.git                    │
│ ○ golang/go                          Go, Assembly              https://github.com/golang/go.git                      │
│                                                                                                                      │
│                                                                                                                      │
│                                                                                                                      │
│                                                                                                                      │
│                                                                                                                      │
│                                                                                                                      │
│                                                                                                                      │
│                                                                                                                      │
│                                                                                                                      │
│                                                                                                                      │
│                                                                                                                      │
│                                                                                                                      │
│                                                                                                                      │
│                                                                                                                      │
│                                                                                                                      │
│                                                                                                                      │
│                                                                                                                      │
│                                                                                                                      │
│                                                                                                                      │
│                                                                                                                      │
│                                                                                                                      │
│                                                                                                                      │
│                                                                                                                      │
└──────────────────────────────────────────────────────────────────────────────────────────────────────────────────────┘
┌──────────────────────────────────────────────────────────────────────────────────────────────────────────────────────┐
│                                                ● Cached  ○ Not Cached                                                │
└──────────────────────────────────────────────────────────────────────────────────────────────────────────────────────┘
                                                      [ESC] Return
