---
source: tests/integration/screens/trending_language_selection_screen_test.rs
expression: output
---
  ┌GitType - Trending Languages──────────────────────────────────────────────────────────────────────────────────────┐  
  │  🌏  Select Programming Language                                                                                  │  
  └──────────────────────────────────────────────────────────────────────────────────────────────────────────────────┘  
  ┌Programming Languages─────────────────────────────────────────────────────────────────────────────────────────────┐  
  │                                                                                                                  │  
  │  1. C                                                                                                            │  
  │  2. C#                                                                                                           │  
  │  3. C++                                                                                                          │  
  │  4. Dart                                                                                                         │  
  │  5. Elixir                                                                                                       │  
  │  6. Go                                                                                                           │  
  │  7. Haskell                                                                                                      │  
  │  8. Java                                                                                                         │  
  │  9. JavaScript                                                                                                   │  
  │ 10. Kotlin                                                                                                       │  
  │ 11. PHP                                                                                                          │  
  │ 12. Python                                                                                                       │  
  │ 13. Ruby                                                                                                         │  
  │ 14. Rust                                                                                                         │  
  │ 15. Scala                                                                                                        │  
  │ 16. Swift                                                                                                        │  
  │ 17. TypeScript                                                                                                   │  
  │                                                                                                                  │  
  │                                                                                                                  │  
  │                                                                                                                  │  
  │                                                                                                                  │  
  │                                                                                                                  │  
  │                                                                                                                  │  
  │                                                                                                                  │  
  │                                                                                                                  │  
  │                                                                                                                  │  
  │                                                                                                                  │  
  │                                                                                                                  │  
  │                                                                                                                  │  
  │                                                                                                                  │  
  │                                                                                                                  │  
  │                                                                                                                  │  
  │                                                                                                                  │  
  └──────────────────────────────────────────────────────────────────────────────────────────────────────────────────┘  
                                     [↑↓/JK] Navigate  [SPACE] Select  [ESC] Return
