---
source: tests/integration/languages/typing_core_common.rs
expression: snapshot
---
# text_original
fn test() {
    // 🚀 Rocket function with emoji 🎉
    // ↵ Arrow symbols in comments ↵
    let result = "success";
}

# text_to_type
fn test() {
i 🎉
mments ↵
let result = "success";
}

# text_to_display
fn test() {↵
    // 🚀 Rocket function with emoji 🎉↵
    // ↵ Arrow symbols in comments ↵↵
    let result = "success";↵
}↵
