---
source: tests/integration/languages/extractor.rs
expression: "serde_json::to_string_pretty(&snapshot_data).unwrap()"
---
{
  "chunks": [
    {
      "chunk_type": "File",
      "comment_ranges": [],
      "content": "\nenum Color {\n  red,\n  green,\n  blue;\n\n  String get name {\n    switch (this) {\n      case Color.red:\n        return 'Red';\n      case Color.green:\n        return 'Green';\n      case Color.blue:\n        return 'Blue';\n    }\n  }\n}\n\nenum Status { pending, completed, failed }\n",
      "end_line": 19,
      "language": "dart",
      "name": "entire_file",
      "original_indentation": 0,
      "start_line": 1
    },
    {
      "chunk_type": "CodeBlock",
      "comment_ranges": [],
      "content": "enum Color {\n  red,\n  green,\n  blue;\n\n  String",
      "end_line": 7,
      "language": "dart",
      "name": "enum",
      "original_indentation": 0,
      "start_line": 2
    },
    {
      "chunk_type": "CodeBlock",
      "comment_ranges": [],
      "content": "enum Status { pending, completed, failed }",
      "end_line": 19,
      "language": "dart",
      "name": "enum",
      "original_indentation": 0,
      "start_line": 19
    }
  ],
  "source_code": "\nenum Color {\n  red,\n  green,\n  blue;\n\n  String get name {\n    switch (this) {\n      case Color.red:\n        return 'Red';\n      case Color.green:\n        return 'Green';\n      case Color.blue:\n        return 'Blue';\n    }\n  }\n}\n\nenum Status { pending, completed, failed }\n",
  "test_name": "test_dart_enum_extraction",
  "total_chunks": 3
}
