---
source: tests/integration/languages/typing_core_common.rs
assertion_line: 103
expression: snapshot
---
# text_original
(defmacro unless [pred a b]
  ; Guard macro for inverted conditions
  `(if (not ~pred) ~a ~b))

# text_to_type
(defmacro unless [pred a b]
; Guard macro for inverted conditions
`(if (not ~pred) ~a ~b))

# text_to_display
(defmacro unless [pred a b]↵
  ; Guard macro for inverted conditions↵
  `(if (not ~pred) ~a ~b))↵
