---
source: tests/integration/languages/typing_core_common.rs
expression: snapshot
---
# text_original
def main(): Unit = {
    println("Hello") // This is a comment
}

# text_to_type
def main(): Unit = {
println("Hello") // This is a comment
}

# text_to_display
def main(): Unit = {↵
    println("Hello") // This is a comment↵
}↵
