---
source: tests/integration/languages/extractor.rs
expression: "serde_json::to_string_pretty(&snapshot_data).unwrap()"
---
{
  "chunks": [
    {
      "chunk_type": "File",
      "comment_ranges": [],
      "content": "\nString greet(String name) {\n  return 'Hello, $name!';\n}\n\nint calculateSum(int a, int b) {\n  return a + b;\n}\n\nvoid processData(List<String> data) {\n  data.forEach(print);\n}\n",
      "end_line": 12,
      "language": "dart",
      "name": "entire_file",
      "original_indentation": 0,
      "start_line": 1
    },
    {
      "chunk_type": "Function",
      "comment_ranges": [],
      "content": "String greet(String name) {\n  return 'Hello, $name!';\n}",
      "end_line": 4,
      "language": "dart",
      "name": "function",
      "original_indentation": 0,
      "start_line": 2
    },
    {
      "chunk_type": "CodeBlock",
      "comment_ranges": [],
      "content": "int calculateSum",
      "end_line": 6,
      "language": "dart",
      "name": "name",
      "original_indentation": 4,
      "start_line": 6
    },
    {
      "chunk_type": "Function",
      "comment_ranges": [],
      "content": "int calculateSum(int a, int b) {\n  return a + b;\n}",
      "end_line": 8,
      "language": "dart",
      "name": "function",
      "original_indentation": 0,
      "start_line": 6
    },
    {
      "chunk_type": "CodeBlock",
      "comment_ranges": [],
      "content": "void processData",
      "end_line": 10,
      "language": "dart",
      "name": "name",
      "original_indentation": 5,
      "start_line": 10
    },
    {
      "chunk_type": "Function",
      "comment_ranges": [],
      "content": "void processData(List<String> data) {\n  data.forEach(print);\n}",
      "end_line": 12,
      "language": "dart",
      "name": "function",
      "original_indentation": 0,
      "start_line": 10
    }
  ],
  "source_code": "\nString greet(String name) {\n  return 'Hello, $name!';\n}\n\nint calculateSum(int a, int b) {\n  return a + b;\n}\n\nvoid processData(List<String> data) {\n  data.forEach(print);\n}\n",
  "test_name": "test_dart_function_extraction",
  "total_chunks": 6
}
