---
source: tests/integration/languages/typing_core_common.rs
expression: snapshot
---
# text_original
public class Greeter
{
    // Method to greet
    public string SayHello(string name)
    {
        return $"Hello, {name}!"; // Returns a greeting
    }
}

# text_to_type
public class Greeter
{
public string SayHello(string name)
{
return $"Hello, {name}!";
}
}

# text_to_display
public class Greeter↵
{↵
    // Method to greet
    public string SayHello(string name)↵
    {↵
        return $"Hello, {name}!";↵ // Returns a greeting
    }↵
}↵
