---
source: tests/integration/languages/typing_core_common.rs
expression: snapshot
---
# text_original
(defrecord User [name email]
  ; User record with profile
  Object
  (toString [_]
    ; String representation
    (str name " <" email ">")))

# text_to_type
(defrecord User [name email]
Object
(toString [_]
(str name " <" email ">")))

# text_to_display
(defrecord User [name email]↵
  ; User record with profile
  Object↵
  (toString [_]↵
    ; String representation
    (str name " <" email ">")))↵
