---
source: tests/integration/languages/typing_core_python.rs
expression: snapshot
---
# text_original
# Filter even numbers
evens = [x for x in range(10) if x % 2 == 0]

# Square all numbers
squares = [x**2 for x in range(5)]  # Simple squares

# text_to_type
evens = [x for x in range(10) if x % 2 == 0]
squares = [x**2 for x in range(5)]

# text_to_display
# Filter even numbers
evens = [x for x in range(10) if x % 2 == 0]↵

# Square all numbers
squares = [x**2 for x in range(5)]  # Simple squares
