---
source: tests/integration/languages/typing_core_common.rs
expression: snapshot
---
# text_original
def test_rtl():
    # English then Arabic: مرحبا بكم في البرنامج
    # Hebrew: שלום עולם וברוכים הבאים  
    # Mixed RTL and LTR: Hello שלום مرحبا World
    text = "testing RTL in comments"
    return text

# text_to_type
def test_rtl():
ال
עו
ed RTL and LTR: Hello שלום مرحبا World
text = "testing RTL in comments"
return text

# text_to_display
def test_rtl():↵
    # English then Arabic: مرحبا بكم في ال↵برنامج
    # Hebrew: שלום עו↵לם וברוכים הבאים  
    # Mixed RTL and LTR: Hello שלום مرحبا World↵
    text = "testing RTL in comments"↵
    return text↵
