---
source: tests/integration/languages/typing_core_common.rs
expression: snapshot
---
# text_original
public class Calculator {
    private int result = 0; // Initialize result
    
    public Calculator add(int value) { // Add method
        this.result += value;
        return this;
    }
}

# text_to_type
public class Calculator {
private int result = 0; // Initialize result
public Calculator add(int value) { // Add method
this.result += value;
return this;
}
}

# text_to_display
public class Calculator {↵
    private int result = 0; // Initialize result↵
    
    public Calculator add(int value) { // Add method↵
        this.result += value;↵
        return this;↵
    }↵
}↵
