---
source: tests/integration/languages/extractor.rs
expression: "serde_json::to_string_pretty(&snapshot_data).unwrap()"
---
{
  "chunks": [
    {
      "chunk_type": "File",
      "comment_ranges": [],
      "content": "\nnamespace MyApplication.Models\n{\n    public class User\n    {\n        private int _id;\n        private string _email;\n\n        public string Name { get; set; }\n        public DateTime CreatedAt { get; private set; }\n\n        public string FullName => $\"{FirstName} {LastName}\";\n\n        public string FirstName { get; set; }\n        public string LastName { get; set; }\n\n        public User(int id, string email)\n        {\n            _id = id;\n            _email = email;\n            CreatedAt = DateTime.Now;\n        }\n    }\n}\n",
      "end_line": 24,
      "language": "csharp",
      "name": "entire_file",
      "original_indentation": 0,
      "start_line": 1
    },
    {
      "chunk_type": "Namespace",
      "comment_ranges": [],
      "content": "namespace MyApplication.Models\n{\n    public class User\n    {\n        private int _id;\n        private string _email;\n\n        public string Name { get; set; }\n        public DateTime CreatedAt { get; private set; }\n\n        public string FullName => $\"{FirstName} {LastName}\";\n\n        public string FirstName { get; set; }\n        public string LastName { get; set; }\n\n        public User(int id, string email)\n        {\n            _id = id;\n            _email = email;\n            CreatedAt = DateTime.Now;\n        }\n    }\n}",
      "end_line": 24,
      "language": "csharp",
      "name": "MyApplication.Models",
      "original_indentation": 0,
      "start_line": 2
    },
    {
      "chunk_type": "Class",
      "comment_ranges": [],
      "content": "    public class User\n    {\n        private int _id;\n        private string _email;\n\n        public string Name { get; set; }\n        public DateTime CreatedAt { get; private set; }\n\n        public string FullName => $\"{FirstName} {LastName}\";\n\n        public string FirstName { get; set; }\n        public string LastName { get; set; }\n\n        public User(int id, string email)\n        {\n            _id = id;\n            _email = email;\n            CreatedAt = DateTime.Now;\n        }\n    }",
      "end_line": 23,
      "language": "csharp",
      "name": "User",
      "original_indentation": 4,
      "start_line": 4
    },
    {
      "chunk_type": "Variable",
      "comment_ranges": [],
      "content": "        public string Name { get; set; }",
      "end_line": 9,
      "language": "csharp",
      "name": "Name",
      "original_indentation": 8,
      "start_line": 9
    },
    {
      "chunk_type": "Variable",
      "comment_ranges": [],
      "content": "        public DateTime CreatedAt { get; private set; }",
      "end_line": 10,
      "language": "csharp",
      "name": "DateTime",
      "original_indentation": 8,
      "start_line": 10
    },
    {
      "chunk_type": "Variable",
      "comment_ranges": [],
      "content": "        public string FullName => $\"{FirstName} {LastName}\";",
      "end_line": 12,
      "language": "csharp",
      "name": "FullName",
      "original_indentation": 8,
      "start_line": 12
    },
    {
      "chunk_type": "Variable",
      "comment_ranges": [],
      "content": "        public string FirstName { get; set; }",
      "end_line": 14,
      "language": "csharp",
      "name": "FirstName",
      "original_indentation": 8,
      "start_line": 14
    },
    {
      "chunk_type": "Variable",
      "comment_ranges": [],
      "content": "        public string LastName { get; set; }",
      "end_line": 15,
      "language": "csharp",
      "name": "LastName",
      "original_indentation": 8,
      "start_line": 15
    },
    {
      "chunk_type": "Method",
      "comment_ranges": [],
      "content": "        public User(int id, string email)\n        {\n            _id = id;\n            _email = email;\n            CreatedAt = DateTime.Now;\n        }",
      "end_line": 22,
      "language": "csharp",
      "name": "User",
      "original_indentation": 8,
      "start_line": 17
    },
    {
      "chunk_type": "CodeBlock",
      "comment_ranges": [],
      "content": "        {\n            _id = id;\n            _email = email;\n            CreatedAt = DateTime.Now;\n        }",
      "end_line": 22,
      "language": "csharp",
      "name": "code_block",
      "original_indentation": 8,
      "start_line": 18
    }
  ],
  "source_code": "\nnamespace MyApplication.Models\n{\n    public class User\n    {\n        private int _id;\n        private string _email;\n\n        public string Name { get; set; }\n        public DateTime CreatedAt { get; private set; }\n\n        public string FullName => $\"{FirstName} {LastName}\";\n\n        public string FirstName { get; set; }\n        public string LastName { get; set; }\n\n        public User(int id, string email)\n        {\n            _id = id;\n            _email = email;\n            CreatedAt = DateTime.Now;\n        }\n    }\n}\n",
  "test_name": "test_csharp_properties_and_fields",
  "total_chunks": 10
}
